(field_declaration type: (type_identifier) @type (#match? @type "^core\..*Config$")) @target
