(var_declaration (var_spec name: (identifier) @name (#match? @type "^core\.ModelConfig$")))
