(var_declaration (var_spec name: (identifier) @name (#match? @name "^cache.*$") (#match? @type "^.*$")))
